// Jest Snapshot v1, https://goo.gl/fbAQLP

exports[`PollDetail matches the snapshot 1`] = `
<div>
  <div
    class="poll-detail-container"
  >
    <h2>
      Would you rather...
    </h2>
    <div
      class="author-info"
    >
      <img
        alt="Author Avatar"
        class="avatar"
        src="/path/to/tyler.jpg"
      />
      <p>
        Question by: 
        Tyler McGinnis
      </p>
    </div>
    <div
      class="poll-options"
    >
      <div
        class="option"
      >
        <button
          disabled=""
        >
          Build our new application with Javascript
        </button>
        <div
          class="vote-info"
        >
          <p>
            1
             out of 
            1
             votes
          </p>
          <p>
            (
            100.00
            %)
          </p>
        </div>
      </div>
      <div
        class="option"
      >
        <button
          disabled=""
        >
          Build our new application with Python
        </button>
        <div
          class="vote-info"
        >
          <p>
            0
             out of 
            1
             votes
          </p>
          <p>
            (
            0.00
            %)
          </p>
        </div>
      </div>
    </div>
    <p>
      Your answer: 
      optionOne
    </p>
  </div>
</div>
`;

exports[`PollDetail matches the snapshot when question is not found 1`] = `
<div>
  <div>
    <h1>
      404 - Not Found
    </h1>
    <p>
      The page you are looking for does not exist.
    </p>
  </div>
</div>
`;
